// Jest Snapshot v1, https://goo.gl/fbAQLP

exports[`ScopedLogging 1`] = `
{
  "Parameters": {
    "BootstrapVersion": {
      "Default": "/cdk-bootstrap/hnb659fds/version",
      "Description": "Version of the CDK Bootstrap resources in this environment, automatically retrieved from SSM Parameter Store. [cdk:skip]",
      "Type": "AWS::SSM::Parameter::Value<String>",
    },
  },
  "Resources": {
    "EchoLambda36664C86": {
      "DependsOn": [
        "EchoLambdaServiceRole6F110512",
      ],
      "Properties": {
        "Code": {
          "ZipFile": ""use strict";
Object.defineProperty(exports, "__esModule", { value: true });
exports.handler = handler;
function log(message) {
if (process.env.LogLevel) {
console.log(JSON.stringify(message));
}
}
async function handler(event, context) {
log({ Event: event });
log({ Context: context });
return Promise.resolve(event !== null && event !== void 0 ? event : {});
}",
        },
        "Environment": {
          "Variables": {
            "AWS_NODEJS_CONNECTION_REUSE_ENABLED": "1",
            "LogLevel": "18446744073709552000",
          },
        },
        "Handler": "index.handler",
        "Role": {
          "Fn::GetAtt": [
            "EchoLambdaServiceRole6F110512",
            "Arn",
          ],
        },
        "Runtime": "nodejs18.x",
      },
      "Type": "AWS::Lambda::Function",
    },
    "EchoLambdaServiceRole6F110512": {
      "Properties": {
        "AssumeRolePolicyDocument": {
          "Statement": [
            {
              "Action": "sts:AssumeRole",
              "Effect": "Allow",
              "Principal": {
                "Service": "lambda.amazonaws.com",
              },
            },
          ],
          "Version": "2012-10-17",
        },
        "ManagedPolicyArns": [
          {
            "Fn::Join": [
              "",
              [
                "arn:",
                {
                  "Ref": "AWS::Partition",
                },
                ":iam::aws:policy/service-role/AWSLambdaBasicExecutionRole",
              ],
            ],
          },
        ],
      },
      "Type": "AWS::IAM::Role",
    },
    "InfoScopeEchoLambdaSubScope1DC4E878": {
      "DependsOn": [
        "InfoScopeEchoLambdaSubScopeServiceRole7071C26E",
      ],
      "Properties": {
        "Code": {
          "ZipFile": ""use strict";
Object.defineProperty(exports, "__esModule", { value: true });
exports.handler = handler;
function log(message) {
if (process.env.LogLevel) {
console.log(JSON.stringify(message));
}
}
async function handler(event, context) {
log({ Event: event });
log({ Context: context });
return Promise.resolve(event !== null && event !== void 0 ? event : {});
}",
        },
        "Environment": {
          "Variables": {
            "AWS_NODEJS_CONNECTION_REUSE_ENABLED": "1",
            "LogLevel": "3",
          },
        },
        "Handler": "index.handler",
        "Role": {
          "Fn::GetAtt": [
            "InfoScopeEchoLambdaSubScopeServiceRole7071C26E",
            "Arn",
          ],
        },
        "Runtime": "nodejs18.x",
      },
      "Type": "AWS::Lambda::Function",
    },
    "InfoScopeEchoLambdaSubScopeServiceRole7071C26E": {
      "Properties": {
        "AssumeRolePolicyDocument": {
          "Statement": [
            {
              "Action": "sts:AssumeRole",
              "Effect": "Allow",
              "Principal": {
                "Service": "lambda.amazonaws.com",
              },
            },
          ],
          "Version": "2012-10-17",
        },
        "ManagedPolicyArns": [
          {
            "Fn::Join": [
              "",
              [
                "arn:",
                {
                  "Ref": "AWS::Partition",
                },
                ":iam::aws:policy/service-role/AWSLambdaBasicExecutionRole",
              ],
            ],
          },
        ],
      },
      "Type": "AWS::IAM::Role",
    },
    "InfoScopeErrorScopeEchoLambdaSubSubScope65FB6A05": {
      "DependsOn": [
        "InfoScopeErrorScopeEchoLambdaSubSubScopeServiceRole26069713",
      ],
      "Properties": {
        "Code": {
          "ZipFile": ""use strict";
Object.defineProperty(exports, "__esModule", { value: true });
exports.handler = handler;
function log(message) {
if (process.env.LogLevel) {
console.log(JSON.stringify(message));
}
}
async function handler(event, context) {
log({ Event: event });
log({ Context: context });
return Promise.resolve(event !== null && event !== void 0 ? event : {});
}",
        },
        "Environment": {
          "Variables": {
            "AWS_NODEJS_CONNECTION_REUSE_ENABLED": "1",
            "LogLevel": "1",
          },
        },
        "Handler": "index.handler",
        "Role": {
          "Fn::GetAtt": [
            "InfoScopeErrorScopeEchoLambdaSubSubScopeServiceRole26069713",
            "Arn",
          ],
        },
        "Runtime": "nodejs18.x",
      },
      "Type": "AWS::Lambda::Function",
    },
    "InfoScopeErrorScopeEchoLambdaSubSubScopeServiceRole26069713": {
      "Properties": {
        "AssumeRolePolicyDocument": {
          "Statement": [
            {
              "Action": "sts:AssumeRole",
              "Effect": "Allow",
              "Principal": {
                "Service": "lambda.amazonaws.com",
              },
            },
          ],
          "Version": "2012-10-17",
        },
        "ManagedPolicyArns": [
          {
            "Fn::Join": [
              "",
              [
                "arn:",
                {
                  "Ref": "AWS::Partition",
                },
                ":iam::aws:policy/service-role/AWSLambdaBasicExecutionRole",
              ],
            ],
          },
        ],
      },
      "Type": "AWS::IAM::Role",
    },
    "InfoScopeErrorScopeNoLoggingScopeEchoLambdaSubSubSubScope7DCA4843": {
      "DependsOn": [
        "InfoScopeErrorScopeNoLoggingScopeEchoLambdaSubSubSubScopeServiceRoleDA6C8450",
      ],
      "Properties": {
        "Code": {
          "ZipFile": ""use strict";
Object.defineProperty(exports, "__esModule", { value: true });
exports.handler = handler;
function log(message) {
if (process.env.LogLevel) {
console.log(JSON.stringify(message));
}
}
async function handler(event, context) {
log({ Event: event });
log({ Context: context });
return Promise.resolve(event !== null && event !== void 0 ? event : {});
}",
        },
        "Environment": {
          "Variables": {
            "AWS_NODEJS_CONNECTION_REUSE_ENABLED": "1",
          },
        },
        "Handler": "index.handler",
        "Role": {
          "Fn::GetAtt": [
            "InfoScopeErrorScopeNoLoggingScopeEchoLambdaSubSubSubScopeServiceRoleDA6C8450",
            "Arn",
          ],
        },
        "Runtime": "nodejs18.x",
      },
      "Type": "AWS::Lambda::Function",
    },
    "InfoScopeErrorScopeNoLoggingScopeEchoLambdaSubSubSubScopeServiceRoleDA6C8450": {
      "Properties": {
        "AssumeRolePolicyDocument": {
          "Statement": [
            {
              "Action": "sts:AssumeRole",
              "Effect": "Allow",
              "Principal": {
                "Service": "lambda.amazonaws.com",
              },
            },
          ],
          "Version": "2012-10-17",
        },
        "ManagedPolicyArns": [
          {
            "Fn::Join": [
              "",
              [
                "arn:",
                {
                  "Ref": "AWS::Partition",
                },
                ":iam::aws:policy/service-role/AWSLambdaBasicExecutionRole",
              ],
            ],
          },
        ],
      },
      "Type": "AWS::IAM::Role",
    },
    "LoggingCfnBucket": {
      "Properties": {
        "BucketName": {
          "Fn::Join": [
            "",
            [
              "my-bucket-",
              {
                "Ref": "AWS::AccountId",
              },
              "-",
              {
                "Ref": "AWS::Region",
              },
            ],
          ],
        },
      },
      "Type": "AWS::S3::Bucket",
    },
  },
  "Rules": {
    "CheckBootstrapVersion": {
      "Assertions": [
        {
          "Assert": {
            "Fn::Not": [
              {
                "Fn::Contains": [
                  [
                    "1",
                    "2",
                    "3",
                    "4",
                    "5",
                  ],
                  {
                    "Ref": "BootstrapVersion",
                  },
                ],
              },
            ],
          },
          "AssertDescription": "CDK bootstrap stack version 6 required. Please run 'cdk bootstrap' with a recent version of the CDK CLI.",
        },
      ],
    },
  },
}
`;
