// Jest Snapshot v1, https://goo.gl/fbAQLP

exports[`SingletonExample 1`] = `
{
  "Parameters": {
    "BootstrapVersion": {
      "Default": "/cdk-bootstrap/hnb659fds/version",
      "Description": "Version of the CDK Bootstrap resources in this environment, automatically retrieved from SSM Parameter Store. [cdk:skip]",
      "Type": "AWS::SSM::Parameter::Value<String>",
    },
  },
  "Resources": {
    "EnsureChangeInStack08D0AC1D": {
      "Type": "AWS::CloudFormation::WaitConditionHandle",
    },
    "SingletonFunction5AE874D4": {
      "DependsOn": [
        "SingletonFunctionServiceRole7BBD3BE4",
      ],
      "Properties": {
        "Code": {
          "ZipFile": ""use strict";
Object.defineProperty(exports, "__esModule", { value: true });
exports.handler = handler;
function log(message) {
if (process.env.LogLevel) {
console.log(JSON.stringify(message));
}
}
async function handler(event, context) {
log({ Event: event });
log({ Context: context });
return Promise.resolve(event !== null && event !== void 0 ? event : {});
}",
        },
        "Environment": {
          "Variables": {
            "AWS_NODEJS_CONNECTION_REUSE_ENABLED": "1",
            "LogLevel": "1",
          },
        },
        "Handler": "index.handler",
        "Role": {
          "Fn::GetAtt": [
            "SingletonFunctionServiceRole7BBD3BE4",
            "Arn",
          ],
        },
        "Runtime": "nodejs18.x",
      },
      "Type": "AWS::Lambda::Function",
    },
    "SingletonFunctionServiceRole7BBD3BE4": {
      "Properties": {
        "AssumeRolePolicyDocument": {
          "Statement": [
            {
              "Action": "sts:AssumeRole",
              "Effect": "Allow",
              "Principal": {
                "Service": "lambda.amazonaws.com",
              },
            },
          ],
          "Version": "2012-10-17",
        },
        "ManagedPolicyArns": [
          {
            "Fn::Join": [
              "",
              [
                "arn:",
                {
                  "Ref": "AWS::Partition",
                },
                ":iam::aws:policy/service-role/AWSLambdaBasicExecutionRole",
              ],
            ],
          },
        ],
      },
      "Type": "AWS::IAM::Role",
    },
  },
  "Rules": {
    "CheckBootstrapVersion": {
      "Assertions": [
        {
          "Assert": {
            "Fn::Not": [
              {
                "Fn::Contains": [
                  [
                    "1",
                    "2",
                    "3",
                    "4",
                    "5",
                  ],
                  {
                    "Ref": "BootstrapVersion",
                  },
                ],
              },
            ],
          },
          "AssertDescription": "CDK bootstrap stack version 6 required. Please run 'cdk bootstrap' with a recent version of the CDK CLI.",
        },
      ],
    },
  },
}
`;
